// Jest Snapshot v1, https://goo.gl/fbAQLP

exports[`snapshot test block snapshot test 1`] = `
<DocumentFragment>
  <div
    class="App"
  >
    <header
      class="App-header"
    >
      <div>
        <div>
          カウンター：
          <div
            style="display: inline-block;"
          >
            <span
              data-testid="counter"
            >
              0
            </span>
            <button
              data-testid="add"
            >
              ＋
            </button>
            <button
              data-testid="minus"
            >
              ー
            </button>
          </div>
        </div>
      </div>
      <div
        style="height: 20px;"
      />
      <div>
        <div>
          API：
        </div>
        <button
          data-testid="get-api"
        >
          データ取得
        </button>
        <div
          data-testid="posts"
          id="posts"
        />
      </div>
    </header>
  </div>
</DocumentFragment>
`;
